// Jest Snapshot v1, https://goo.gl/fbAQLP

exports[`renders correctly across screens 1`] = `
<View
  style={
    {
      "flex": 1,
    }
  }
>
  <Text>
    Login
  </Text>
</View>
`;
